
> my-v0-project@0.1.0 build
> next build

[baseline-browser-mapping] The data in this module is over two months old.  To ensure accurate Baseline data, please update: `npm i baseline-browser-mapping@latest -D`
   ▲ Next.js 16.0.3 (Turbopack)

   Creating an optimized production build ...
[baseline-browser-mapping] The data in this module is over two months old.  To ensure accurate Baseline data, please update: `npm i baseline-browser-mapping@latest -D`
 ✓ Compiled successfully in 14.2s
   Skipping validation of types
   Collecting page data using 7 workers ...
[baseline-browser-mapping] The data in this module is over two months old.  To ensure accurate Baseline data, please update: `npm i baseline-browser-mapping@latest -D`
[baseline-browser-mapping] The data in this module is over two months old.  To ensure accurate Baseline data, please update: `npm i baseline-browser-mapping@latest -D`
[baseline-browser-mapping] The data in this module is over two months old.  To ensure accurate Baseline data, please update: `npm i baseline-browser-mapping@latest -D`
[baseline-browser-mapping] The data in this module is over two months old.  To ensure accurate Baseline data, please update: `npm i baseline-browser-mapping@latest -D`
[baseline-browser-mapping] The data in this module is over two months old.  To ensure accurate Baseline data, please update: `npm i baseline-browser-mapping@latest -D`
[baseline-browser-mapping] The data in this module is over two months old.  To ensure accurate Baseline data, please update: `npm i baseline-browser-mapping@latest -D`
[baseline-browser-mapping] The data in this module is over two months old.  To ensure accurate Baseline data, please update: `npm i baseline-browser-mapping@latest -D`
   Generating static pages using 7 workers (0/17) ...
[baseline-browser-mapping] The data in this module is over two months old.  To ensure accurate Baseline data, please update: `npm i baseline-browser-mapping@latest -D`
Error occurred prerendering page "/admin/dashboard". Read more: https://nextjs.org/docs/messages/prerender-error
Error [FirebaseError]: Firebase: Error (auth/invalid-api-key).
    at p (C:\Users\Administrator\Desktop\oks website\.next\server\chunks\ssr\[root-of-the-server]__e81421d5._.js:1:33426)
    at q (C:\Users\Administrator\Desktop\oks website\.next\server\chunks\ssr\[root-of-the-server]__e81421d5._.js:1:33474)
    at aa.instanceFactory (C:\Users\Administrator\Desktop\oks website\.next\server\chunks\ssr\[root-of-the-server]__e81421d5._.js:1:84659)
    at ac.getOrInitializeService (C:\Users\Administrator\Desktop\oks website\.next\server\chunks\ssr\[root-of-the-server]__e81421d5._.js:1:13417)
    at ac.initialize (C:\Users\Administrator\Desktop\oks website\.next\server\chunks\ssr\[root-of-the-server]__e81421d5._.js:1:12825)
    at aJ (C:\Users\Administrator\Desktop\oks website\.next\server\chunks\ssr\[root-of-the-server]__e81421d5._.js:1:71427)
    at br (C:\Users\Administrator\Desktop\oks website\.next\server\chunks\ssr\[root-of-the-server]__e81421d5._.js:1:85391)
    at module evaluation (C:\Users\Administrator\Desktop\oks website\.next\server\chunks\ssr\[root-of-the-server]__e81421d5._.js:13:10628)
    at instantiateModule (C:\Users\Administrator\Desktop\oks website\.next\server\chunks\ssr\[turbopack]_runtime.js:715:9)
    at getOrInstantiateModuleFromParent (C:\Users\Administrator\Desktop\oks website\.next\server\chunks\ssr\[turbopack]_runtime.js:738:12) {
  code: 'auth/invalid-api-key',
  customData: [Object],
  digest: '3089250581'
}
Export encountered an error on /admin/dashboard/page: /admin/dashboard, exiting the build.
 ⨯ Next.js build worker exited with code: 1 and signal: null
