
> my-v0-project@0.1.0 build
> next build

   ▲ Next.js 16.0.3 (Turbopack)

   Creating an optimized production build ...
 ✓ Compiled successfully in 10.4s
   Skipping validation of types
   Collecting page data using 7 workers ...
